0 silly argv {
0 silly argv   _: [ 'run' ],
0 silly argv   scope: 'syw-verify',
0 silly argv   lernaVersion: '8.2.4',
0 silly argv   '$0': '/Users/coreytegeler/Sites/syw/node_modules/.bin/lerna',
0 silly argv   script: 'dev'
0 silly argv }
1 notice cli v8.2.4
2 verbose packageConfigs Explicit "packages" configuration found in lerna.json. Resolving packages using the configured glob(s): ["packages/common","packages/docs","packages/svelte","packages/react","packages/verify"]
3 verbose rootPath /Users/coreytegeler/Sites/syw
4 error MultipleProjectsWithSameNameError: The following projects are defined in multiple locations:
4 error   - syw-svelte:
4 error     - packages/svelte
4 error     - packages/verify
4 error
4 error   To fix this, set a unique name for each project in a project.json inside the project's root. If the project does not currently have a project.json, you can create one that contains only a name.
4 error       at validateAndNormalizeProjectRootMap (/Users/coreytegeler/Sites/syw/node_modules/nx/src/project-graph/utils/project-configuration-utils.js:467:15)
4 error       at mergeCreateNodesResults (/Users/coreytegeler/Sites/syw/node_modules/nx/src/project-graph/utils/project-configuration-utils.js:353:9)
4 error       at /Users/coreytegeler/Sites/syw/node_modules/nx/src/project-graph/utils/project-configuration-utils.js:297:85
4 error       at async buildProjectGraphAndSourceMapsWithoutDaemon (/Users/coreytegeler/Sites/syw/node_modules/nx/src/project-graph/project-graph.js:87:31)
4 error       at async createProjectGraphAndSourceMapsAsync (/Users/coreytegeler/Sites/syw/node_modules/nx/src/project-graph/project-graph.js:271:25)
4 error       at async createProjectGraphAsync (/Users/coreytegeler/Sites/syw/node_modules/nx/src/project-graph/project-graph.js:219:39)
4 error       at async detectProjects (/Users/coreytegeler/Sites/syw/node_modules/lerna/dist/index.js:3223:25)
